| narrow_arith_const.teal:13:1:13:7 | TxnOpcode | field read TxnOpcode at L13 narrows to 500 |
| narrow_arith_const.teal:13:1:13:7 | TxnOpcode | field read TxnOpcode at L13 narrows to 1000 |
| narrow_assert_and.teal:16:1:16:7 | TxnOpcode | field read TxnOpcode at L16 narrows to 1000 |
| narrow_assert_and.teal:17:1:17:16 | TxnOpcode | field read TxnOpcode at L17 narrows to 0 |
| narrow_bnz.teal:12:1:12:7 | TxnOpcode | field read TxnOpcode at L12 narrows to 1000 |
| narrow_bz.teal:12:1:12:7 | TxnOpcode | field read TxnOpcode at L12 narrows to 1000 |
| narrow_cross_branch.teal:20:1:20:7 | TxnOpcode | field read TxnOpcode at L20 narrows to 1000 |
| narrow_dup_stack.teal:16:1:16:7 | TxnOpcode | field read TxnOpcode at L16 narrows to 1000 |
| narrow_gtxn.teal:13:1:13:10 | GtxnOpcode | field read GtxnOpcode at L13 narrows to 1000 |
| narrow_multi_guard.teal:18:1:18:7 | TxnOpcode | field read TxnOpcode at L18 narrows to 2000 |
| narrow_multi_guard.teal:29:1:29:7 | TxnOpcode | field read TxnOpcode at L29 narrows to 1000 |
| narrow_nested_and.teal:28:1:28:7 | TxnOpcode | field read TxnOpcode at L28 narrows to 1000 |
| narrow_nested_and.teal:29:1:29:16 | TxnOpcode | field read TxnOpcode at L29 narrows to 0 |
| narrow_nested_and.teal:31:1:31:12 | TxnOpcode | field read TxnOpcode at L31 narrows to 1 |
| narrow_non_dominated.teal:22:1:22:7 | TxnOpcode | field read TxnOpcode at L22 narrows to 1000 |
| narrow_operand_swap.teal:21:1:21:7 | TxnOpcode | field read TxnOpcode at L21 narrows to 1000 |
| narrow_operand_swap.teal:22:1:22:12 | TxnOpcode | field read TxnOpcode at L22 narrows to 5 |
| narrow_phi_join.teal:30:1:30:7 | TxnOpcode | field read TxnOpcode at L30 narrows to 1000 |
| narrow_scratch_slot.teal:24:1:24:7 | TxnOpcode | field read TxnOpcode at L24 narrows to 1000 |
