| callsub/vuln-callsub.teal:29:1:29:6 | return | Approval exit at line 29 is reachable without a RekeyTo check \u2014 an attacker can rekey the account. |
| direct/vuln.teal:12:1:12:6 | return | Approval exit at line 12 is reachable without a RekeyTo check \u2014 an attacker can rekey the account. |
| false-path-approves/vuln-cosmetic-pop.teal:13:1:13:6 | return | Approval exit at line 13 is reachable without a RekeyTo check \u2014 an attacker can rekey the account. |
| false-path-approves/vuln-inverted-bz.teal:20:1:20:6 | return | Approval exit at line 20 is reachable without a RekeyTo check \u2014 an attacker can rekey the account. |
| gabe_fixed.teal:67:5:67:10 | return | Approval exit at line 67 is reachable without a RekeyTo check \u2014 an attacker can rekey the account. |
| gabe_vuln.teal:58:5:58:10 | return | Approval exit at line 58 is reachable without a RekeyTo check \u2014 an attacker can rekey the account. |
| partial-branch/vuln-partial-branch.teal:35:1:35:6 | return | Approval exit at line 35 is reachable without a RekeyTo check \u2014 an attacker can rekey the account. |
| proto-sub/vuln-proto-arg.teal:28:1:28:6 | return | Approval exit at line 28 is reachable without a RekeyTo check \u2014 an attacker can rekey the account. |
| proto-sub/vuln-proto-sub.teal:27:1:27:6 | return | Approval exit at line 27 is reachable without a RekeyTo check \u2014 an attacker can rekey the account. |
| scratch-space/vuln-scratch-app-arg-overwrite.teal:41:1:41:6 | return | Approval exit at line 41 is reachable without a RekeyTo check \u2014 an attacker can rekey the account. |
| scratch-space/vuln-scratch-cross-sub.teal:31:1:31:6 | return | Approval exit at line 31 is reachable without a RekeyTo check \u2014 an attacker can rekey the account. |
| scratch-space/vuln-scratch-overwrite.teal:32:1:32:6 | return | Approval exit at line 32 is reachable without a RekeyTo check \u2014 an attacker can rekey the account. |
| scratch-space/vuln-scratch-space.teal:33:1:33:6 | return | Approval exit at line 33 is reachable without a RekeyTo check \u2014 an attacker can rekey the account. |
