| 01-direct-consumer.teal | 14 | 1 | DirectPhi | L15 |
| 02-multi-hop-consumer.teal | 19 | 1 | DirectPhi | L19 |
| 02-multi-hop-consumer.teal | 23 | 1 | DirectPhi | L26 |
| 02-multi-hop-consumer.teal | 23 | 2 | DirectPhi | - |
| 02-multi-hop-consumer.teal | 23 | 3 | DirectPhi | - |
| 02-multi-hop-consumer.teal | 31 | 1 | DirectPhi | L33 |
| 02-multi-hop-consumer.teal | 31 | 2 | DirectPhi | - |
| 02-multi-hop-consumer.teal | 37 | 1 | DirectPhi | L37 |
| 02-multi-hop-consumer.teal | 43 | 1 | DirectPhi | - |
| 02-multi-hop-consumer.teal | 44 | 1 | DirectPhi | L45 |
| 02-multi-hop-consumer.teal | 44 | 2 | IndirectPhi | L45 |
| 02-multi-hop-consumer.teal | 49 | 1 | DirectPhi | L49 |
| 02-multi-hop-consumer.teal | 49 | 2 | IndirectPhi | L49 |
| 02-multi-hop-consumer.teal | 49 | 3 | IndirectPhi | - |
| 02-multi-hop-consumer.teal | 51 | 1 | DirectPhi | L52 |
| 02-multi-hop-consumer.teal | 56 | 1 | DirectPhi | - |
| 02-multi-hop-consumer.teal | 57 | 1 | DirectPhi | - |
| 02-multi-hop-consumer.teal | 59 | 1 | DirectPhi | L60 |
| 02-multi-hop-consumer.teal | 59 | 2 | IndirectPhi | L60 |
| 03-dead-tail.teal | 15 | 1 | DirectPhi | L15 |
| 03-dead-tail.teal | 19 | 1 | DirectPhi | - |
| 04-loop.teal | 9 | 1 | DirectPhi | L10 |
| 04-loop.teal | 14 | 1 | DirectPhi | L15 |
| 04-loop.teal | 17 | 1 | DirectPhi | L18 |
